i> 000C999E Storage root: /home/free/.local/share/Xenia
i> 000C999E Loaded config: /home/free/.local/share/Xenia/xenia.config.toml
i> 000C999E Content root: /home/free/.local/share/Xenia/content
i> 000C999E Cache root: /home/free/.local/share/Xenia/cache
w> 000C999E Unable to load Japanese font; JP characters will be boxes
i> 000C999E SDL Version 2.32.64 initialized.
i> 000C999E SDL: App name: SDL Application
i> 000C999E SDL: App version: <unspecified>
i> 000C999E SDL: App ID: <unspecified>
i> 000C999E SDL: SDL revision: SDL-release-3.4.0-0-ga962f40bb
w> 000C999E SDL GameControllerDB: file 'gamecontrollerdb.txt' does not exist.
i> 000C99A8 Vulkan instance API version 1.4.341. Enabled layers and extensions:
i> 000C99A8 * VK_KHR_surface
i> 000C99A8 * VK_KHR_xcb_surface
i> 000C99A8 * VK_EXT_debug_utils
i> 000C99A8 * VK_KHR_portability_enumeration
i> 000C99A8 Vulkan Info ({ General }, ID 0: Loader Message): linux_read_sorted_physical_devices: (object 0: Instance 0x7f50d84d7980)
i> 000C99A8 Vulkan Info ({ General }, ID 0: Loader Message):      Original order: (object 0: Instance 0x7f50d84d7980)
i> 000C99A8 Vulkan Info ({ General }, ID 0: Loader Message):            [0] NVIDIA GeForce RTX 3090 (object 0: Instance 0x7f50d84d7980)
i> 000C99A8 Vulkan Info ({ General }, ID 0: Loader Message):            [1] NVIDIA GeForce RTX 3090 (object 0: Instance 0x7f50d84d7980)
i> 000C99A8 Vulkan Info ({ General }, ID 0: Loader Message):      Sorted order: (object 0: Instance 0x7f50d84d7980)
i> 000C99A8 Vulkan Info ({ General }, ID 0: Loader Message):            [0] NVIDIA GeForce RTX 3090   (object 0: Instance 0x7f50d84d7980)
i> 000C99A8 Vulkan Info ({ General }, ID 0: Loader Message):            [1] NVIDIA GeForce RTX 3090   (object 0: Instance 0x7f50d84d7980)
i> 000C99A8 Vulkan Info ({ General }, ID 0: Loader Message): linux_read_sorted_physical_devices: (object 0: Instance 0x7f50d84d7980)
i> 000C99A8 Vulkan Info ({ General }, ID 0: Loader Message):      Original order: (object 0: Instance 0x7f50d84d7980)
i> 000C99A8 Vulkan Info ({ General }, ID 0: Loader Message):            [0] NVIDIA GeForce RTX 3090 (object 0: Instance 0x7f50d84d7980)
i> 000C99A8 Vulkan Info ({ General }, ID 0: Loader Message):            [1] NVIDIA GeForce RTX 3090 (object 0: Instance 0x7f50d84d7980)
i> 000C99A8 Vulkan Info ({ General }, ID 0: Loader Message):      Sorted order: (object 0: Instance 0x7f50d84d7980)
i> 000C99A8 Vulkan Info ({ General }, ID 0: Loader Message):            [0] NVIDIA GeForce RTX 3090   (object 0: Instance 0x7f50d84d7980)
i> 000C99A8 Vulkan Info ({ General }, ID 0: Loader Message):            [1] NVIDIA GeForce RTX 3090   (object 0: Instance 0x7f50d84d7980)
w> 000C99A8 Available Vulkan physical devices (use the 'vulkan_device' configuration variable to force a specific device):
w> 000C99A8 * 0: NVIDIA GeForce RTX 3090
w> 000C99A8 * 1: NVIDIA GeForce RTX 3090
i> 000C99A8 Vulkan device 'NVIDIA GeForce RTX 3090': API 1.4.325 (1.3 used), vendor 0x10DE, device 0x2204, driver version 0x938C0040
i> 000C99A8 Enabled Vulkan device extensions:
i> 000C99A8 * VK_KHR_swapchain
i> 000C99A8 * VK_EXT_memory_budget
i> 000C99A8 Vulkan device properties and enabled features:
i> 000C99A8 * driverID: NvidiaProprietary
i> 000C99A8 * driverName: NVIDIA
i> 000C99A8 * driverInfo: 590.48.01
i> 000C99A8 * conformanceVersion: 1.4.3.0
i> 000C99A8 * maxImageDimension2D: 32768
i> 000C99A8 * maxImageDimension3D: 16384
i> 000C99A8 * maxImageDimensionCube: 32768
i> 000C99A8 * maxImageArrayLayers: 2048
i> 000C99A8 * maxStorageBufferRange: 4294967295
i> 000C99A8 * maxSamplerAllocationCount: 4000
i> 000C99A8 * maxPerStageDescriptorSamplers: 1048576
i> 000C99A8 * maxPerStageDescriptorStorageBuffers: 1048576
i> 000C99A8 * maxPerStageDescriptorSampledImages: 1048576
i> 000C99A8 * maxPerStageResources: 4294967295
i> 000C99A8 * maxVertexOutputComponents: 128
i> 000C99A8 * maxTessellationEvaluationOutputComponents: 128
i> 000C99A8 * maxGeometryInputComponents: 128
i> 000C99A8 * maxGeometryOutputComponents: 128
i> 000C99A8 * maxFragmentInputComponents: 128
i> 000C99A8 * maxFragmentCombinedOutputResources: 4294967295
i> 000C99A8 * maxSamplerAnisotropy: 16.0
i> 000C99A8 * maxViewportDimensions[0]: 32768
i> 000C99A8 * maxViewportDimensions[1]: 32768
i> 000C99A8 * minUniformBufferOffsetAlignment: 64
i> 000C99A8 * minStorageBufferOffsetAlignment: 16
i> 000C99A8 * maxFramebufferWidth: 32768
i> 000C99A8 * maxFramebufferHeight: 32768
i> 000C99A8 * framebufferColorSampleCounts: { 1 | 2 | 4 | 8 }
i> 000C99A8 * framebufferDepthSampleCounts: { 1 | 2 | 4 | 8 }
i> 000C99A8 * framebufferStencilSampleCounts: { 1 | 2 | 4 | 8 | 16 }
i> 000C99A8 * framebufferNoAttachmentsSampleCounts: { 1 | 2 | 4 | 8 | 16 }
i> 000C99A8 * sampledImageColorSampleCounts: { 1 | 2 | 4 | 8 }
i> 000C99A8 * sampledImageIntegerSampleCounts: { 1 | 2 | 4 | 8 }
i> 000C99A8 * sampledImageDepthSampleCounts: { 1 | 2 | 4 | 8 }
i> 000C99A8 * sampledImageStencilSampleCounts: { 1 | 2 | 4 | 8 | 16 }
i> 000C99A8 * standardSampleLocations: 1
i> 000C99A8 * optimalBufferCopyOffsetAlignment: 1
i> 000C99A8 * optimalBufferCopyRowPitchAlignment: 1
i> 000C99A8 * nonCoherentAtomSize: 64
i> 000C99A8 * constantAlphaColorBlendFactors
i> 000C99A8 * imageViewFormatReinterpretation
i> 000C99A8 * imageViewFormatSwizzle
i> 000C99A8 * pointPolygons
i> 000C99A8 * separateStencilMaskRef
i> 000C99A8 * shaderSampleRateInterpolationFunctions
i> 000C99A8 * triangleFans
i> 000C99A8 Vulkan Info ({ General }, ID 0: Loader Message): vkCreateDevice layer callstack setup to: (object 0: Instance 0x7f50d84d7980)
i> 000C99A8 Vulkan Info ({ General }, ID 0: Loader Message):    <Application> (object 0: Instance 0x7f50d84d7980)
i> 000C99A8 Vulkan Info ({ General }, ID 0: Loader Message):      || (object 0: Instance 0x7f50d84d7980)
i> 000C99A8 Vulkan Info ({ General }, ID 0: Loader Message):    <Loader> (object 0: Instance 0x7f50d84d7980)
i> 000C99A8 Vulkan Info ({ General }, ID 0: Loader Message):      || (object 0: Instance 0x7f50d84d7980)
i> 000C99A8 Vulkan Info ({ General }, ID 0: Loader Message):    <Device> (object 0: Instance 0x7f50d84d7980)
i> 000C99A8 Vulkan Info ({ General }, ID 0: Loader Message):        Using "NVIDIA GeForce RTX 3090" with driver: "/usr/lib/libGLX_nvidia.so.590.48.01" (object 0: Instance 0x7f50d84d7980)
i> 000C99A8 Added handle:F8000004 for N2xe6kernel7XObjectE
i> 000C99A8 XThreadF8000004 (1) Stack: 70010000-70030000
i> 000C99A8 Added handle:F8000008 for N2xe6kernel7XObjectE
K> F8000004 XThread::Execute thid 1 (handle=F8000004, 'GPU Commands (F8000004)', native=C64FC6C0, <host>)
i> 000C99A8 XThreadF8000008 (2) Stack: 70050000-70070000
K> F8000008 XThread::Execute thid 2 (handle=F8000008, 'GPU VSync (F8000008)', native=C54FB6C0, <host>)
i> 000C99A8 Added handle:F800000C for N2xe6kernel7XObjectE
i> 000C99A8 XThreadF800000C (3) Stack: 70090000-700B0000
i> 000C99A8 Added handle:F8000010 for N2xe6kernel7XObjectE
K> F800000C XThread::Execute thid 3 (handle=F800000C, 'XMA Decoder (F800000C)', native=A3FFF6C0, <host>)
i> 000C99A8 XThreadF8000010 (4) Stack: 700D0000-700F0000
i> 000C99A8 Added handle:F8000014 for N2xe6kernel7XObjectE
K> F8000010 XThread::Execute thid 4 (handle=F8000010, 'Audio Worker (F8000010)', native=A2FFE6C0, <host>)
i> 000C99A8 Added handle:F8000018 for N2xe6kernel7XObjectE
i> 000C99A8 Added handle:F800001C for N2xe6kernel7XObjectE
